<html>
<body>
<pre>
<h1>µVision Build Log</h1>
<h2>Tool Versions:</h2>
IDE-Version: ¦ÌVision V5.24.2.0
Copyright (C) 2017 ARM Ltd and ARM Germany GmbH. All rights reserved.
License Information: 1 wangmx, 1, LIC=EXJT4-FAI0Z-AREXW-QY662-6TJ5R-AD3X9
 
Tool Versions:
Toolchain:       MDK-ARM Plus  Version: 5.24.1
Toolchain Path:  C:\Keil_v5\ARM\ARMCC\Bin
C Compiler:      Armcc.exe V5.06 update 5 (build 528)
Assembler:       Armasm.exe V5.06 update 5 (build 528)
Linker/Locator:  ArmLink.exe V5.06 update 5 (build 528)
Library Manager: ArmAr.exe V5.06 update 5 (build 528)
Hex Converter:   FromElf.exe V5.06 update 5 (build 528)
CPU DLL:         SARMCM3.DLL V5.24.1
Dialog DLL:      DCM.DLL V1.16.0.0
Target DLL:      STLink\ST-LINKIII-KEIL_SWO.dll V3.0.1.0
Dialog DLL:      TCM.DLL V1.32.0.0
 
<h2>Project:</h2>
c:\Users\wangmx\Desktop\MyRobot\Chassis\MDK-ARM\Chassis.uvprojx
Project File Date:  07/25/2025

<h2>Output:</h2>
*** Using Compiler 'V5.06 update 5 (build 528)', folder: 'C:\Keil_v5\ARM\ARMCC\Bin'
Build target 'Chassis'
compiling mychassis.c...
../MyInc/mychassis.h(4): warning:  #1295-D: Deprecated declaration Chassis_MotorBaseInit - give arg types
  void Chassis_MotorBaseInit();
../MyInc/mychassis.h(6): warning:  #1295-D: Deprecated declaration Chassis_MotorPWMEnable - give arg types
  void Chassis_MotorPWMEnable();
../MyInc/mychassis.h(8): warning:  #1295-D: Deprecated declaration ChassisTest_ForwardMove - give arg types
  void ChassisTest_ForwardMove();
../MyInc/mychassis.h(9): warning:  #1295-D: Deprecated declaration ChassisTest_BackwardMove - give arg types
  void ChassisTest_BackwardMove();
../MyInc/mychassis.h(10): warning:  #1295-D: Deprecated declaration ChassisTest_LeftMove - give arg types
  void ChassisTest_LeftMove();
../MyInc/mychassis.h(11): warning:  #1295-D: Deprecated declaration ChassisTest_RightMove - give arg types
  void ChassisTest_RightMove();
../MyInc/mychassis.h(12): warning:  #1295-D: Deprecated declaration ChassisTest_DiagonalMove_lf - give arg types
  void ChassisTest_DiagonalMove_lf();
../MyInc/mychassis.h(13): warning:  #1295-D: Deprecated declaration ChassisTest_DiagonalMove_rb - give arg types
  void ChassisTest_DiagonalMove_rb();
../MyInc/mychassis.h(14): warning:  #1295-D: Deprecated declaration ChassisTest_DiagonalMove_rf - give arg types
  void ChassisTest_DiagonalMove_rf();
../MyInc/mychassis.h(15): warning:  #1295-D: Deprecated declaration ChassisTest_DiagonalMove_lb - give arg types
  void ChassisTest_DiagonalMove_lb();
../MyInc/mychassis.h(16): warning:  #1295-D: Deprecated declaration ChassisTest_Turn_Clockwise - give arg types
  void ChassisTest_Turn_Clockwise();
../MyInc/mychassis.h(17): warning:  #1295-D: Deprecated declaration ChassisTest_Turn_Anticlockwise - give arg types
  void ChassisTest_Turn_Anticlockwise();
..\MySrc\mychassis.c: 12 warnings, 0 errors
compiling main.c...
../MyInc/mychassis.h(4): warning:  #1295-D: Deprecated declaration Chassis_MotorBaseInit - give arg types
  void Chassis_MotorBaseInit();
../MyInc/mychassis.h(6): warning:  #1295-D: Deprecated declaration Chassis_MotorPWMEnable - give arg types
  void Chassis_MotorPWMEnable();
../MyInc/mychassis.h(8): warning:  #1295-D: Deprecated declaration ChassisTest_ForwardMove - give arg types
  void ChassisTest_ForwardMove();
../MyInc/mychassis.h(9): warning:  #1295-D: Deprecated declaration ChassisTest_BackwardMove - give arg types
  void ChassisTest_BackwardMove();
../MyInc/mychassis.h(10): warning:  #1295-D: Deprecated declaration ChassisTest_LeftMove - give arg types
  void ChassisTest_LeftMove();
../MyInc/mychassis.h(11): warning:  #1295-D: Deprecated declaration ChassisTest_RightMove - give arg types
  void ChassisTest_RightMove();
../MyInc/mychassis.h(12): warning:  #1295-D: Deprecated declaration ChassisTest_DiagonalMove_lf - give arg types
  void ChassisTest_DiagonalMove_lf();
../MyInc/mychassis.h(13): warning:  #1295-D: Deprecated declaration ChassisTest_DiagonalMove_rb - give arg types
  void ChassisTest_DiagonalMove_rb();
../MyInc/mychassis.h(14): warning:  #1295-D: Deprecated declaration ChassisTest_DiagonalMove_rf - give arg types
  void ChassisTest_DiagonalMove_rf();
../MyInc/mychassis.h(15): warning:  #1295-D: Deprecated declaration ChassisTest_DiagonalMove_lb - give arg types
  void ChassisTest_DiagonalMove_lb();
../MyInc/mychassis.h(16): warning:  #1295-D: Deprecated declaration ChassisTest_Turn_Clockwise - give arg types
  void ChassisTest_Turn_Clockwise();
../MyInc/mychassis.h(17): warning:  #1295-D: Deprecated declaration ChassisTest_Turn_Anticlockwise - give arg types
  void ChassisTest_Turn_Anticlockwise();
../Core/Src/main.c(73): warning:  #177-D: variable "command"  was declared but never referenced
    char command = '0';
../Core/Src/main.c: 13 warnings, 0 errors
compiling interrupt.c...
../MyInc/mychassis.h(4): warning:  #1295-D: Deprecated declaration Chassis_MotorBaseInit - give arg types
  void Chassis_MotorBaseInit();
../MyInc/mychassis.h(6): warning:  #1295-D: Deprecated declaration Chassis_MotorPWMEnable - give arg types
  void Chassis_MotorPWMEnable();
../MyInc/mychassis.h(8): warning:  #1295-D: Deprecated declaration ChassisTest_ForwardMove - give arg types
  void ChassisTest_ForwardMove();
../MyInc/mychassis.h(9): warning:  #1295-D: Deprecated declaration ChassisTest_BackwardMove - give arg types
  void ChassisTest_BackwardMove();
../MyInc/mychassis.h(10): warning:  #1295-D: Deprecated declaration ChassisTest_LeftMove - give arg types
  void ChassisTest_LeftMove();
../MyInc/mychassis.h(11): warning:  #1295-D: Deprecated declaration ChassisTest_RightMove - give arg types
  void ChassisTest_RightMove();
../MyInc/mychassis.h(12): warning:  #1295-D: Deprecated declaration ChassisTest_DiagonalMove_lf - give arg types
  void ChassisTest_DiagonalMove_lf();
../MyInc/mychassis.h(13): warning:  #1295-D: Deprecated declaration ChassisTest_DiagonalMove_rb - give arg types
  void ChassisTest_DiagonalMove_rb();
../MyInc/mychassis.h(14): warning:  #1295-D: Deprecated declaration ChassisTest_DiagonalMove_rf - give arg types
  void ChassisTest_DiagonalMove_rf();
../MyInc/mychassis.h(15): warning:  #1295-D: Deprecated declaration ChassisTest_DiagonalMove_lb - give arg types
  void ChassisTest_DiagonalMove_lb();
../MyInc/mychassis.h(16): warning:  #1295-D: Deprecated declaration ChassisTest_Turn_Clockwise - give arg types
  void ChassisTest_Turn_Clockwise();
../MyInc/mychassis.h(17): warning:  #1295-D: Deprecated declaration ChassisTest_Turn_Anticlockwise - give arg types
  void ChassisTest_Turn_Anticlockwise();
../MyInc/myuart.h(7): warning:  #1295-D: Deprecated declaration Command_RenewChassisMode - give arg types
  void Command_RenewChassisMode();
../MyInc/myuart.h(10): warning:  #1-D: last line of file ends without a newline
  #endif
..\MySrc\interrupt.c: 14 warnings, 0 errors
compiling myuart.c...
../MyInc/mychassis.h(4): warning:  #1295-D: Deprecated declaration Chassis_MotorBaseInit - give arg types
  void Chassis_MotorBaseInit();
../MyInc/mychassis.h(6): warning:  #1295-D: Deprecated declaration Chassis_MotorPWMEnable - give arg types
  void Chassis_MotorPWMEnable();
../MyInc/mychassis.h(8): warning:  #1295-D: Deprecated declaration ChassisTest_ForwardMove - give arg types
  void ChassisTest_ForwardMove();
../MyInc/mychassis.h(9): warning:  #1295-D: Deprecated declaration ChassisTest_BackwardMove - give arg types
  void ChassisTest_BackwardMove();
../MyInc/mychassis.h(10): warning:  #1295-D: Deprecated declaration ChassisTest_LeftMove - give arg types
  void ChassisTest_LeftMove();
../MyInc/mychassis.h(11): warning:  #1295-D: Deprecated declaration ChassisTest_RightMove - give arg types
  void ChassisTest_RightMove();
../MyInc/mychassis.h(12): warning:  #1295-D: Deprecated declaration ChassisTest_DiagonalMove_lf - give arg types
  void ChassisTest_DiagonalMove_lf();
../MyInc/mychassis.h(13): warning:  #1295-D: Deprecated declaration ChassisTest_DiagonalMove_rb - give arg types
  void ChassisTest_DiagonalMove_rb();
../MyInc/mychassis.h(14): warning:  #1295-D: Deprecated declaration ChassisTest_DiagonalMove_rf - give arg types
  void ChassisTest_DiagonalMove_rf();
../MyInc/mychassis.h(15): warning:  #1295-D: Deprecated declaration ChassisTest_DiagonalMove_lb - give arg types
  void ChassisTest_DiagonalMove_lb();
../MyInc/mychassis.h(16): warning:  #1295-D: Deprecated declaration ChassisTest_Turn_Clockwise - give arg types
  void ChassisTest_Turn_Clockwise();
../MyInc/mychassis.h(17): warning:  #1295-D: Deprecated declaration ChassisTest_Turn_Anticlockwise - give arg types
  void ChassisTest_Turn_Anticlockwise();
..\MySrc\myuart.c(121): warning:  #1-D: last line of file ends without a newline
  }
..\MySrc\myuart.c: 13 warnings, 0 errors
linking...
Program Size: Code=11358 RO-data=310 RW-data=36 ZI-data=2188  
FromELF: creating hex file...
"Chassis\Chassis.axf" - 0 Error(s), 52 Warning(s).

<h2>Software Packages used:</h2>

Package Vendor: ARM
                http://www.keil.com/pack/ARM.CMSIS.5.0.1.pack
                ARM.CMSIS.5.0.1
                CMSIS (Cortex Microcontroller Software Interface Standard)
   * Component: CORE Version: 5.0.1

Package Vendor: Keil
                http://www.keil.com/pack/Keil.STM32F1xx_DFP.2.2.0.pack
                Keil.STM32F1xx_DFP.2.2.0
                STMicroelectronics STM32F1 Series Device Support, Drivers and Examples

<h2>Collection of Component include folders:</h2>
  .\RTE\_Chassis
  C:\Keil_v5\ARM\PACK\ARM\CMSIS\5.0.1\CMSIS\Include
  C:\Keil_v5\ARM\PACK\Keil\STM32F1xx_DFP\2.2.0\Device\Include

<h2>Collection of Component Files used:</h2>

   * Component: ARM::CMSIS:CORE:5.0.1
Build Time Elapsed:  00:00:04
</pre>
</body>
</html>
